2025-10-22 18:21:19.896 [background-preinit] INFO  o.h.validator.internal.util.Version - HV000001: Hibernate Validator 8.0.1.Final
2025-10-22 18:21:19.968 [main] INFO  com.zeta.backend.BackendApplication - Starting BackendApplication using Java 17.0.12 with PID 54531 (/Users/soumyami/Capstone-Investment-and-Portfolio-Tracker/backend/target/classes started by soumyami in /Users/soumyami/Capstone-Investment-and-Portfolio-Tracker/backend)
2025-10-22 18:21:19.969 [main] INFO  com.zeta.backend.BackendApplication - No active profile set, falling back to 1 default profile: "default"
2025-10-22 18:21:20.801 [main] INFO  o.s.d.r.c.RepositoryConfigurationDelegate - Bootstrapping Spring Data JPA repositories in DEFAULT mode.
2025-10-22 18:21:20.878 [main] INFO  o.s.d.r.c.RepositoryConfigurationDelegate - Finished Spring Data repository scanning in 66 ms. Found 1 JPA repository interface.
2025-10-22 18:21:21.572 [main] INFO  o.s.b.w.e.tomcat.TomcatWebServer - Tomcat initialized with port 8080 (http)
2025-10-22 18:21:21.581 [main] INFO  o.a.coyote.http11.Http11NioProtocol - Initializing ProtocolHandler ["http-nio-8080"]
2025-10-22 18:21:21.583 [main] INFO  o.a.catalina.core.StandardService - Starting service [Tomcat]
2025-10-22 18:21:21.583 [main] INFO  o.a.catalina.core.StandardEngine - Starting Servlet engine: [Apache Tomcat/10.1.16]
2025-10-22 18:21:21.645 [main] INFO  o.a.c.c.C.[Tomcat].[localhost].[/] - Initializing Spring embedded WebApplicationContext
2025-10-22 18:21:21.646 [main] INFO  o.s.b.w.s.c.ServletWebServerApplicationContext - Root WebApplicationContext: initialization completed in 1609 ms
2025-10-22 18:21:21.852 [main] INFO  o.h.jpa.internal.util.LogHelper - HHH000204: Processing PersistenceUnitInfo [name: default]
2025-10-22 18:21:21.921 [main] INFO  org.hibernate.Version - HHH000412: Hibernate ORM core version 6.3.1.Final
2025-10-22 18:21:21.959 [main] INFO  o.h.c.i.RegionFactoryInitiator - HHH000026: Second-level cache disabled
2025-10-22 18:21:22.179 [main] INFO  o.s.o.j.p.SpringPersistenceUnitInfo - No LoadTimeWeaver setup: ignoring JPA class transformer
2025-10-22 18:21:22.203 [main] INFO  com.zaxxer.hikari.HikariDataSource - HikariPool-1 - Starting...
2025-10-22 18:21:22.351 [main] INFO  com.zaxxer.hikari.pool.HikariPool - HikariPool-1 - Added connection org.postgresql.jdbc.PgConnection@2c8ff67
2025-10-22 18:21:22.352 [main] INFO  com.zaxxer.hikari.HikariDataSource - HikariPool-1 - Start completed.
2025-10-22 18:21:22.393 [main] WARN  org.hibernate.orm.deprecation - HHH90000025: PostgreSQLDialect does not need to be specified explicitly using 'hibernate.dialect' (remove the property setting and it will be selected by default)
2025-10-22 18:21:23.279 [main] INFO  o.h.e.t.j.p.i.JtaPlatformInitiator - HHH000489: No JTA platform available (set 'hibernate.transaction.jta.platform' to enable JTA platform integration)
2025-10-22 18:21:23.343 [main] INFO  o.s.o.j.LocalContainerEntityManagerFactoryBean - Initialized JPA EntityManagerFactory for persistence unit 'default'
2025-10-22 18:21:23.696 [main] INFO  o.s.d.j.r.query.QueryEnhancerFactory - Hibernate is in classpath; If applicable, HQL parser will be used.
2025-10-22 18:21:24.338 [main] WARN  o.s.b.a.o.j.JpaBaseConfiguration$JpaWebConfiguration - spring.jpa.open-in-view is enabled by default. Therefore, database queries may be performed during view rendering. Explicitly configure spring.jpa.open-in-view to disable this warning
2025-10-22 18:21:24.461 [main] INFO  o.s.s.web.DefaultSecurityFilterChain - Will secure any request with [org.springframework.security.web.session.DisableEncodeUrlFilter@3c79be0f, org.springframework.security.web.context.request.async.WebAsyncManagerIntegrationFilter@7aeb7bd6, org.springframework.security.web.context.SecurityContextHolderFilter@56daf3b1, org.springframework.security.web.header.HeaderWriterFilter@1428d63, org.springframework.web.filter.CorsFilter@5c0bacaa, org.springframework.web.filter.CorsFilter@7cb15360, org.springframework.security.web.authentication.logout.LogoutFilter@42cf08a1, org.springframework.security.web.savedrequest.RequestCacheAwareFilter@1ee2e363, org.springframework.security.web.servletapi.SecurityContextHolderAwareRequestFilter@60e83cb9, org.springframework.security.web.authentication.AnonymousAuthenticationFilter@dc9033f, org.springframework.security.web.session.SessionManagementFilter@2e6066e1, org.springframework.security.web.access.ExceptionTranslationFilter@221c097f, org.springframework.security.web.access.intercept.AuthorizationFilter@52e296c0]
2025-10-22 18:21:24.857 [main] INFO  o.a.coyote.http11.Http11NioProtocol - Starting ProtocolHandler ["http-nio-8080"]
2025-10-22 18:21:24.864 [main] WARN  o.s.b.w.s.c.AnnotationConfigServletWebServerApplicationContext - Exception encountered during context initialization - cancelling refresh attempt: org.springframework.context.ApplicationContextException: Failed to start bean 'webServerStartStop'
2025-10-22 18:21:24.866 [main] INFO  o.s.o.j.LocalContainerEntityManagerFactoryBean - Closing JPA EntityManagerFactory for persistence unit 'default'
2025-10-22 18:21:24.869 [main] INFO  com.zaxxer.hikari.HikariDataSource - HikariPool-1 - Shutdown initiated...
2025-10-22 18:21:24.876 [main] INFO  com.zaxxer.hikari.HikariDataSource - HikariPool-1 - Shutdown completed.
2025-10-22 18:21:24.890 [main] INFO  o.s.b.a.l.ConditionEvaluationReportLogger - 

Error starting ApplicationContext. To display the condition evaluation report re-run your application with 'debug' enabled.
2025-10-22 18:21:24.912 [main] ERROR o.s.b.d.LoggingFailureAnalysisReporter - 

***************************
APPLICATION FAILED TO START
***************************

Description:

Web server failed to start. Port 8080 was already in use.

Action:

Identify and stop the process that's listening on port 8080 or configure this application to listen on another port.

2025-10-22 18:22:05.766 [background-preinit] INFO  o.h.validator.internal.util.Version - HV000001: Hibernate Validator 8.0.1.Final
2025-10-22 18:22:05.809 [main] INFO  com.zeta.backend.BackendApplication - Starting BackendApplication using Java 17.0.12 with PID 54701 (/Users/soumyami/Capstone-Investment-and-Portfolio-Tracker/backend/target/classes started by soumyami in /Users/soumyami/Capstone-Investment-and-Portfolio-Tracker/backend)
2025-10-22 18:22:05.810 [main] INFO  com.zeta.backend.BackendApplication - No active profile set, falling back to 1 default profile: "default"
2025-10-22 18:22:06.651 [main] INFO  o.s.d.r.c.RepositoryConfigurationDelegate - Bootstrapping Spring Data JPA repositories in DEFAULT mode.
2025-10-22 18:22:06.727 [main] INFO  o.s.d.r.c.RepositoryConfigurationDelegate - Finished Spring Data repository scanning in 67 ms. Found 1 JPA repository interface.
2025-10-22 18:22:07.444 [main] INFO  o.s.b.w.e.tomcat.TomcatWebServer - Tomcat initialized with port 8080 (http)
2025-10-22 18:22:07.454 [main] INFO  o.a.coyote.http11.Http11NioProtocol - Initializing ProtocolHandler ["http-nio-8080"]
2025-10-22 18:22:07.458 [main] INFO  o.a.catalina.core.StandardService - Starting service [Tomcat]
2025-10-22 18:22:07.458 [main] INFO  o.a.catalina.core.StandardEngine - Starting Servlet engine: [Apache Tomcat/10.1.16]
2025-10-22 18:22:07.530 [main] INFO  o.a.c.c.C.[Tomcat].[localhost].[/] - Initializing Spring embedded WebApplicationContext
2025-10-22 18:22:07.531 [main] INFO  o.s.b.w.s.c.ServletWebServerApplicationContext - Root WebApplicationContext: initialization completed in 1653 ms
2025-10-22 18:22:07.749 [main] INFO  o.h.jpa.internal.util.LogHelper - HHH000204: Processing PersistenceUnitInfo [name: default]
2025-10-22 18:22:07.796 [main] INFO  org.hibernate.Version - HHH000412: Hibernate ORM core version 6.3.1.Final
2025-10-22 18:22:07.830 [main] INFO  o.h.c.i.RegionFactoryInitiator - HHH000026: Second-level cache disabled
2025-10-22 18:22:08.072 [main] INFO  o.s.o.j.p.SpringPersistenceUnitInfo - No LoadTimeWeaver setup: ignoring JPA class transformer
2025-10-22 18:22:08.098 [main] INFO  com.zaxxer.hikari.HikariDataSource - HikariPool-1 - Starting...
2025-10-22 18:22:08.230 [main] INFO  com.zaxxer.hikari.pool.HikariPool - HikariPool-1 - Added connection org.postgresql.jdbc.PgConnection@61a704d3
2025-10-22 18:22:08.232 [main] INFO  com.zaxxer.hikari.HikariDataSource - HikariPool-1 - Start completed.
2025-10-22 18:22:08.258 [main] WARN  org.hibernate.orm.deprecation - HHH90000025: PostgreSQLDialect does not need to be specified explicitly using 'hibernate.dialect' (remove the property setting and it will be selected by default)
2025-10-22 18:22:09.092 [main] INFO  o.h.e.t.j.p.i.JtaPlatformInitiator - HHH000489: No JTA platform available (set 'hibernate.transaction.jta.platform' to enable JTA platform integration)
2025-10-22 18:22:09.148 [main] INFO  o.s.o.j.LocalContainerEntityManagerFactoryBean - Initialized JPA EntityManagerFactory for persistence unit 'default'
2025-10-22 18:22:09.517 [main] INFO  o.s.d.j.r.query.QueryEnhancerFactory - Hibernate is in classpath; If applicable, HQL parser will be used.
2025-10-22 18:22:10.213 [main] WARN  o.s.b.a.o.j.JpaBaseConfiguration$JpaWebConfiguration - spring.jpa.open-in-view is enabled by default. Therefore, database queries may be performed during view rendering. Explicitly configure spring.jpa.open-in-view to disable this warning
2025-10-22 18:22:10.315 [main] INFO  o.s.s.web.DefaultSecurityFilterChain - Will secure any request with [org.springframework.security.web.session.DisableEncodeUrlFilter@b7b5e7, org.springframework.security.web.context.request.async.WebAsyncManagerIntegrationFilter@2aa143ba, org.springframework.security.web.context.SecurityContextHolderFilter@6231bb88, org.springframework.security.web.header.HeaderWriterFilter@2e70d072, org.springframework.web.filter.CorsFilter@7abe3d53, org.springframework.web.filter.CorsFilter@372dc92e, org.springframework.security.web.authentication.logout.LogoutFilter@dc9033f, org.springframework.security.web.savedrequest.RequestCacheAwareFilter@66373f77, org.springframework.security.web.servletapi.SecurityContextHolderAwareRequestFilter@834944, org.springframework.security.web.authentication.AnonymousAuthenticationFilter@a885aa1, org.springframework.security.web.session.SessionManagementFilter@5d71813b, org.springframework.security.web.access.ExceptionTranslationFilter@1a177f2c, org.springframework.security.web.access.intercept.AuthorizationFilter@48ac4201]
2025-10-22 18:22:10.724 [main] INFO  o.a.coyote.http11.Http11NioProtocol - Starting ProtocolHandler ["http-nio-8080"]
2025-10-22 18:22:10.747 [main] INFO  o.s.b.w.e.tomcat.TomcatWebServer - Tomcat started on port 8080 (http) with context path ''
2025-10-22 18:22:10.756 [main] INFO  com.zeta.backend.BackendApplication - Started BackendApplication in 5.496 seconds (process running for 5.952)
